
> react-example@0.0.0 build
> vite build && esbuild server.ts --bundle --platform=node --format=cjs --packages=external --sourcemap --outfile=dist/server.cjs

vite v6.4.3 building for production...
transforming...
✓ 3364 modules transformed.
rendering chunks...
computing gzip size...
dist/registerSW.js                  0.13 kB
dist/manifest.webmanifest           0.58 kB
dist/index.html                     1.24 kB │ gzip:     0.58 kB
dist/assets/index-CXl7cpee.css    236.65 kB │ gzip:    27.40 kB
dist/assets/index-uAd_tgEU.js   4,792.08 kB │ gzip: 1,222.22 kB

(!) Some chunks are larger than 500 kB after minification. Consider:
- Using dynamic import() to code-split the application
- Use build.rollupOptions.output.manualChunks to improve chunking: https://rollupjs.org/configuration-options/#output-manualchunks
- Adjust chunk size limit for this warning via build.chunkSizeWarningLimit.
✓ built in 38.02s

PWA v1.3.0
mode      generateSW
precache  13 entries (5206.74 KiB)
files generated
  dist/sw.js
  dist/workbox-7e5eb42b.js

  dist/server.cjs      33.6kb
  dist/server.cjs.map  50.6kb

⚡ Done in 14ms
